// Jest Snapshot v1, https://goo.gl/fbAQLP

exports[`<Result /> should render 1`] = `
<View
  collapsable={true}
  pointerEvents="box-none"
  style={
    Object {
      "flex": 1,
    }
  }
>
  <Text
    style={
      Object {
        "color": "#FFFFFF",
        "fontSize": 28,
        "padding": 10,
        "textAlign": "right",
      }
    }
  >
    12.2
  </Text>
</View>
`;
