// Jest Snapshot v1, https://goo.gl/fbAQLP

exports[`<CollapsePanel /> should render the children 1`] = `
<View
  collapsable={true}
  pointerEvents="box-none"
  style={
    Object {
      "flex": 1,
    }
  }
>
  <View
    style={
      Object {
        "height": "100%",
      }
    }
  >
    <View
      style={
        Object {
          "height": "5%",
        }
      }
    >
      <TouchableOpacity
        activeOpacity={0.2}
        style={
          Object {
            "alignItems": "center",
            "backgroundColor": "#000000",
            "display": "flex",
            "justifyContent": "center",
          }
        }
        testID="collapse-panel-button"
      >
        <RNSVGSvgView
          bbHeight="29"
          bbWidth="28"
          focusable={false}
          height="29"
          rotation={90}
          style={
            Array [
              Object {
                "backgroundColor": "transparent",
                "borderWidth": 0,
              },
              undefined,
              Object {
                "opacity": 1,
              },
              Object {
                "flex": 0,
                "height": 29,
                "width": 28,
              },
            ]
          }
          width="28"
        >
          <RNSVGGroup
            fill={4278190080}
            fillOpacity={1}
            fillRule={1}
            font={Object {}}
            matrix={
              Array [
                1,
                0,
                0,
                1,
                0,
                0,
              ]
            }
            opacity={1}
            originX={0}
            originY={0}
            propList={Array []}
            rotation={0}
            scaleX={1}
            scaleY={1}
            skewX={0}
            skewY={0}
            stroke={null}
            strokeDasharray={null}
            strokeDashoffset={null}
            strokeLinecap={0}
            strokeLinejoin={0}
            strokeMiterlimit={4}
            strokeOpacity={1}
            strokeWidth={1}
            vectorEffect={0}
            x={0}
            y={0}
          >
            <RNSVGPath
              d="M12.586 12L9.293 8.707a1 1 0 1 1 1.414-1.414l4 4a1 1 0 0 1 0 1.414l-4 4a1 1 0 1 1-1.414-1.414L12.586 12z"
              fill={4294967295}
              fillOpacity={1}
              fillRule={1}
              matrix={
                Array [
                  1,
                  0,
                  0,
                  1,
                  0,
                  0,
                ]
              }
              opacity={1}
              originX={0}
              originY={0}
              propList={
                Array [
                  "fill",
                  "stroke",
                ]
              }
              rotation={0}
              scaleX={1}
              scaleY={1}
              skewX={0}
              skewY={0}
              stroke={4294967295}
              strokeDasharray={null}
              strokeDashoffset={null}
              strokeLinecap={0}
              strokeLinejoin={0}
              strokeMiterlimit={4}
              strokeOpacity={1}
              strokeWidth={1}
              vectorEffect={0}
              x={0}
              y={0}
            />
          </RNSVGGroup>
        </RNSVGSvgView>
      </TouchableOpacity>
    </View>
    <View
      style={
        Object {
          "height": "95%",
        }
      }
    >
      <Text>
        randomTitle
      </Text>
    </View>
  </View>
</View>
`;
