// Jest Snapshot v1, https://goo.gl/fbAQLP

exports[`<Screen /> should render children 1`] = `
<View
  collapsable={true}
  pointerEvents="box-none"
  style={
    Object {
      "flex": 1,
    }
  }
>
  <View
    style={
      Object {
        "alignItems": "flex-end",
        "backgroundColor": "#141414",
        "display": "flex",
        "height": "100%",
        "justifyContent": "center",
      }
    }
  >
    <ScrollView>
      <Text>
        test-the-screen
      </Text>
    </ScrollView>
  </View>
</View>
`;
