// Jest Snapshot v1, https://goo.gl/fbAQLP

exports[`<NavBar /> should render 1`] = `
<View
  collapsable={true}
  pointerEvents="box-none"
  style={
    Object {
      "flex": 1,
    }
  }
>
  <View>
    <View
      style={
        Array [
          Object {
            "alignSelf": "flex-start",
            "borderColor": "red",
            "borderWidth": 1,
          },
          Object {
            "backgroundColor": "#000000",
            "height": 56,
          },
        ]
      }
    />
  </View>
</View>
`;
